# Smoke Test Failure — attempt 4 — 2026-07-04T09:54:37.794049554
Failed gate: boot

== Gate report ==
FAIL boot — app not healthy within 120s — last: ConnectException

== Container logs (tail 2000 lines) ==
db-1  | The files belonging to this database system will be owned by user "postgres".
db-1  | This user must also own the server process.
db-1  | 
db-1  | The database cluster will be initialized with locale "en_US.utf8".
db-1  | The default database encoding has accordingly been set to "UTF8".
db-1  | The default text search configuration will be set to "english".
db-1  | 
db-1  | Data page checksums are disabled.
db-1  | 
db-1  | fixing permissions on existing directory /var/lib/postgresql/data ... ok
db-1  | creating subdirectories ... ok
db-1  | selecting dynamic shared memory implementation ... posix
db-1  | selecting default max_connections ... 100
db-1  | selecting default shared_buffers ... 128MB
db-1  | selecting default time zone ... UTC
db-1  | creating configuration files ... ok
db-1  | running bootstrap script ... ok
db-1  | sh: locale: not found
db-1  | 2026-07-04 09:52:23.618 UTC [35] WARNING:  no usable system locales were found
db-1  | performing post-bootstrap initialization ... ok
db-1  | syncing data to disk ... ok
db-1  | 
db-1  | 
db-1  | Success. You can now start the database server using:
db-1  | 
db-1  |     pg_ctl -D /var/lib/postgresql/data -l logfile start
db-1  | 
db-1  | initdb: warning: enabling "trust" authentication for local connections
db-1  | initdb: hint: You can change this by editing pg_hba.conf or using the option -A, or --auth-local and --auth-host, the next time you run initdb.
db-1  | waiting for server to start....2026-07-04 09:52:23.916 UTC [41] LOG:  starting PostgreSQL 16.14 on aarch64-unknown-linux-musl, compiled by gcc (Alpine 15.2.0) 15.2.0, 64-bit
db-1  | 2026-07-04 09:52:23.917 UTC [41] LOG:  listening on Unix socket "/var/run/postgresql/.s.PGSQL.5432"
db-1  | 2026-07-04 09:52:23.920 UTC [44] LOG:  database system was shut down at 2026-07-04 09:52:23 UTC
db-1  | 2026-07-04 09:52:23.922 UTC [41] LOG:  database system is ready to accept connections
db-1  |  done
db-1  | server started
db-1  | CREATE DATABASE
db-1  | 
db-1  | 
db-1  | /usr/local/bin/docker-entrypoint.sh: ignoring /docker-entrypoint-initdb.d/*
db-1  | 
db-1  | waiting for server to shut down....2026-07-04 09:52:24.053 UTC [41] LOG:  received fast shutdown request
db-1  | 2026-07-04 09:52:24.057 UTC [41] LOG:  aborting any active transactions
db-1  | 2026-07-04 09:52:24.059 UTC [41] LOG:  background worker "logical replication launcher" (PID 47) exited with exit code 1
db-1  | 2026-07-04 09:52:24.060 UTC [42] LOG:  shutting down
db-1  | 2026-07-04 09:52:24.063 UTC [42] LOG:  checkpoint starting: shutdown immediate
db-1  | 2026-07-04 09:52:24.113 UTC [42] LOG:  checkpoint complete: wrote 926 buffers (5.7%); 0 WAL file(s) added, 0 removed, 0 recycled; write=0.008 s, sync=0.038 s, total=0.054 s; sync files=301, longest=0.013 s, average=0.001 s; distance=4283 kB, estimate=4283 kB; lsn=0/1925D20, redo lsn=0/1925D20
db-1  | 2026-07-04 09:52:24.116 UTC [41] LOG:  database system is shut down
db-1  |  done
db-1  | server stopped
db-1  | 
db-1  | PostgreSQL init process complete; ready for start up.
db-1  | 
db-1  | 2026-07-04 09:52:24.168 UTC [1] LOG:  starting PostgreSQL 16.14 on aarch64-unknown-linux-musl, compiled by gcc (Alpine 15.2.0) 15.2.0, 64-bit
db-1  | 2026-07-04 09:52:24.168 UTC [1] LOG:  listening on IPv4 address "0.0.0.0", port 5432
db-1  | 2026-07-04 09:52:24.168 UTC [1] LOG:  listening on IPv6 address "::", port 5432
db-1  | 2026-07-04 09:52:24.169 UTC [1] LOG:  listening on Unix socket "/var/run/postgresql/.s.PGSQL.5432"
db-1  | 2026-07-04 09:52:24.171 UTC [57] LOG:  database system was shut down at 2026-07-04 09:52:24 UTC
db-1  | 2026-07-04 09:52:24.173 UTC [1] LOG:  database system is ready to accept connections
app-1  | 
app-1  |   .   ____          _            __ _ _
app-1  |  /\\ / ___'_ __ _ _(_)_ __  __ _ \ \ \ \
app-1  | ( ( )\___ | '_ | '_| | '_ \/ _` | \ \ \ \
app-1  |  \\/  ___)| |_)| | | | | || (_| |  ) ) ) )
app-1  |   '  |____| .__|_| |_|_| |_\__, | / / / /
app-1  |  =========|_|==============|___/=/_/_/_/
app-1  | 
app-1  |  :: Spring Boot ::                (v4.1.0)
app-1  | 
app-1  | 2026-07-04T09:52:34.525Z  INFO 1 --- [multifitaundh] [           main] c.m.MultifitaundhbackendApplication      : Starting MultifitaundhbackendApplication v0.0.1-SNAPSHOT using Java 17.0.19 with PID 1 (/app/app.jar started by app in /app)
app-1  | 2026-07-04T09:52:34.527Z  INFO 1 --- [multifitaundh] [           main] c.m.MultifitaundhbackendApplication      : No active profile set, falling back to 1 default profile: "default"
app-1  | 2026-07-04T09:52:34.932Z  INFO 1 --- [multifitaundh] [           main] .s.d.r.c.RepositoryConfigurationDelegate : Bootstrapping Spring Data JPA repositories in DEFAULT mode.
app-1  | 2026-07-04T09:52:34.954Z  INFO 1 --- [multifitaundh] [           main] .s.d.r.c.RepositoryConfigurationDelegate : Finished Spring Data repository scanning in 18 ms. Found 4 JPA repository interfaces.
app-1  | 2026-07-04T09:52:35.237Z  INFO 1 --- [multifitaundh] [           main] o.s.boot.tomcat.TomcatWebServer          : Tomcat initialized with port 8080 (http)
app-1  | 2026-07-04T09:52:35.244Z  INFO 1 --- [multifitaundh] [           main] o.apache.catalina.core.StandardService   : Starting service [Tomcat]
app-1  | 2026-07-04T09:52:35.244Z  INFO 1 --- [multifitaundh] [           main] o.apache.catalina.core.StandardEngine    : Starting Servlet engine: [Apache Tomcat/11.0.22]
app-1  | 2026-07-04T09:52:35.257Z  INFO 1 --- [multifitaundh] [           main] b.w.c.s.WebApplicationContextInitializer : Root WebApplicationContext: initialization completed in 711 ms
app-1  | 2026-07-04T09:52:35.373Z  INFO 1 --- [multifitaundh] [           main] org.hibernate.orm.jpa                    : HHH008540: Processing PersistenceUnitInfo [name: default]
app-1  | 2026-07-04T09:52:35.398Z  INFO 1 --- [multifitaundh] [           main] org.hibernate.orm.core                   : HHH000001: Hibernate ORM core version 7.4.1.Final
app-1  | 2026-07-04T09:52:35.582Z  INFO 1 --- [multifitaundh] [           main] o.s.o.j.p.SpringPersistenceUnitInfo      : No LoadTimeWeaver setup: ignoring JPA class transformer
app-1  | 2026-07-04T09:52:35.598Z  INFO 1 --- [multifitaundh] [           main] com.zaxxer.hikari.HikariDataSource       : HikariPool-1 - Starting...
app-1  | 2026-07-04T09:52:35.678Z  INFO 1 --- [multifitaundh] [           main] com.zaxxer.hikari.pool.HikariPool        : HikariPool-1 - Added connection org.postgresql.jdbc.PgConnection@36f05595
app-1  | 2026-07-04T09:52:35.678Z  INFO 1 --- [multifitaundh] [           main] com.zaxxer.hikari.HikariDataSource       : HikariPool-1 - Start completed.
app-1  | 2026-07-04T09:52:35.690Z  WARN 1 --- [multifitaundh] [           main] org.hibernate.orm.deprecation            : HHH90000025: PostgreSQLDialect does not need to be specified explicitly using 'hibernate.dialect' (remove the property setting and it will be selected by default)
app-1  | 2026-07-04T09:52:35.698Z  INFO 1 --- [multifitaundh] [           main] org.hibernate.orm.connections.pooling    : HHH10001005: Database info:
app-1  | 	Database JDBC URL [jdbc:postgresql://db:5432/multifitaundh]
app-1  | 	Database driver: PostgreSQL JDBC Driver
app-1  | 	Database dialect: PostgreSQLDialect
app-1  | 	Database version: 16.14
app-1  | 	Default catalog/schema: multifitaundh/public
app-1  | 	Autocommit mode: undefined/unknown
app-1  | 	Isolation level: READ_COMMITTED [default READ_COMMITTED]
app-1  | 	JDBC fetch size: none
app-1  | 	Pool: DataSourceConnectionProvider
app-1  | 	Minimum pool size: undefined/unknown
app-1  | 	Maximum pool size: undefined/unknown
app-1  | 2026-07-04T09:52:36.145Z  INFO 1 --- [multifitaundh] [           main] org.hibernate.orm.core                   : HHH000489: No JTA platform available (set 'hibernate.transaction.jta.platform' to enable JTA platform integration)
app-1  | 2026-07-04T09:52:36.181Z  WARN 1 --- [multifitaundh] [           main] org.hibernate.orm.jdbc.warn              : HHH000247: ErrorCode: 0, SQLState: 00000
app-1  | 2026-07-04T09:52:36.182Z  WARN 1 --- [multifitaundh] [           main] org.hibernate.orm.jdbc.warn              : constraint "ukp4yw3160wu1sy2j7iwhecmmj3" of relation "trainers" does not exist, skipping
app-1  | 2026-07-04T09:52:36.184Z  WARN 1 --- [multifitaundh] [           main] org.hibernate.orm.jdbc.warn              : HHH000247: ErrorCode: 0, SQLState: 00000
app-1  | 2026-07-04T09:52:36.184Z  WARN 1 --- [multifitaundh] [           main] org.hibernate.orm.jdbc.warn              : constraint "uk6dotkott2kjsp8vw4d0m25fb7" of relation "users" does not exist, skipping
app-1  | 2026-07-04T09:52:36.186Z  INFO 1 --- [multifitaundh] [           main] j.LocalContainerEntityManagerFactoryBean : Initialized JPA EntityManagerFactory for persistence unit 'default'
app-1  | 2026-07-04T09:52:36.212Z  INFO 1 --- [multifitaundh] [           main] o.s.d.j.r.query.QueryEnhancerFactories   : Hibernate is in classpath; If applicable, HQL parser will be used.
app-1  | 2026-07-04T09:52:36.331Z  WARN 1 --- [multifitaundh] [           main] ConfigServletWebServerApplicationContext : Exception encountered during context initialization - cancelling refresh attempt: org.springframework.beans.factory.UnsatisfiedDependencyException: Error creating bean with name 'adminLeadController' defined in URL [jar:nested:/app/app.jar/!BOOT-INF/classes/!/com/multifitaundh/controller/AdminLeadController.class]: Unsatisfied dependency expressed through constructor parameter 0: Error creating bean with name 'trialLeadService' defined in URL [jar:nested:/app/app.jar/!BOOT-INF/classes/!/com/multifitaundh/service/TrialLeadService.class]: Unsatisfied dependency expressed through constructor parameter 1: Error creating bean with name 'notificationService' defined in URL [jar:nested:/app/app.jar/!BOOT-INF/classes/!/com/multifitaundh/service/NotificationService.class]: Unsatisfied dependency expressed through constructor parameter 0: No qualifying bean of type 'org.springframework.mail.javamail.JavaMailSender' available: expected at least 1 bean which qualifies as autowire candidate. Dependency annotations: {}
app-1  | 2026-07-04T09:52:36.332Z  INFO 1 --- [multifitaundh] [           main] j.LocalContainerEntityManagerFactoryBean : Closing JPA EntityManagerFactory for persistence unit 'default'
app-1  | 2026-07-04T09:52:36.334Z  INFO 1 --- [multifitaundh] [           main] com.zaxxer.hikari.HikariDataSource       : HikariPool-1 - Shutdown initiated...
app-1  | 2026-07-04T09:52:36.335Z  INFO 1 --- [multifitaundh] [           main] com.zaxxer.hikari.HikariDataSource       : HikariPool-1 - Shutdown completed.
app-1  | 2026-07-04T09:52:36.338Z  INFO 1 --- [multifitaundh] [           main] o.apache.catalina.core.StandardService   : Stopping service [Tomcat]
app-1  | 2026-07-04T09:52:36.344Z  INFO 1 --- [multifitaundh] [           main] .s.b.a.l.ConditionEvaluationReportLogger : 
app-1  | 
app-1  | Error starting ApplicationContext. To display the condition evaluation report re-run your application with 'debug' enabled.
app-1  | 2026-07-04T09:52:36.353Z ERROR 1 --- [multifitaundh] [           main] o.s.b.d.LoggingFailureAnalysisReporter   : 
app-1  | 
app-1  | ***************************
app-1  | APPLICATION FAILED TO START
app-1  | ***************************
app-1  | 
app-1  | Description:
app-1  | 
app-1  | Parameter 0 of constructor in com.multifitaundh.service.NotificationService required a bean of type 'org.springframework.mail.javamail.JavaMailSender' that could not be found.
app-1  | 
app-1  | 
app-1  | Action:
app-1  | 
app-1  | Consider defining a bean of type 'org.springframework.mail.javamail.JavaMailSender' in your configuration.
app-1  | 
app-1  | 
app-1  |   .   ____          _            __ _ _
app-1  |  /\\ / ___'_ __ _ _(_)_ __  __ _ \ \ \ \
app-1  | ( ( )\___ | '_ | '_| | '_ \/ _` | \ \ \ \
app-1  |  \\/  ___)| |_)| | | | | || (_| |  ) ) ) )
app-1  |   '  |____| .__|_| |_|_| |_\__, | / / / /
app-1  |  =========|_|==============|___/=/_/_/_/
app-1  | 
app-1  |  :: Spring Boot ::                (v4.1.0)
app-1  | 
app-1  | 2026-07-04T09:52:36.995Z  INFO 1 --- [multifitaundh] [           main] c.m.MultifitaundhbackendApplication      : Starting MultifitaundhbackendApplication v0.0.1-SNAPSHOT using Java 17.0.19 with PID 1 (/app/app.jar started by app in /app)
app-1  | 2026-07-04T09:52:36.996Z  INFO 1 --- [multifitaundh] [           main] c.m.MultifitaundhbackendApplication      : No active profile set, falling back to 1 default profile: "default"
app-1  | 2026-07-04T09:52:37.421Z  INFO 1 --- [multifitaundh] [           main] .s.d.r.c.RepositoryConfigurationDelegate : Bootstrapping Spring Data JPA repositories in DEFAULT mode.
app-1  | 2026-07-04T09:52:37.443Z  INFO 1 --- [multifitaundh] [           main] .s.d.r.c.RepositoryConfigurationDelegate : Finished Spring Data repository scanning in 18 ms. Found 4 JPA repository interfaces.
app-1  | 2026-07-04T09:52:37.747Z  INFO 1 --- [multifitaundh] [           main] o.s.boot.tomcat.TomcatWebServer          : Tomcat initialized with port 8080 (http)
app-1  | 2026-07-04T09:52:37.752Z  INFO 1 --- [multifitaundh] [           main] o.apache.catalina.core.StandardService   : Starting service [Tomcat]
app-1  | 2026-07-04T09:52:37.752Z  INFO 1 --- [multifitaundh] [           main] o.apache.catalina.core.StandardEngine    : Starting Servlet engine: [Apache Tomcat/11.0.22]
app-1  | 2026-07-04T09:52:37.764Z  INFO 1 --- [multifitaundh] [           main] b.w.c.s.WebApplicationContextInitializer : Root WebApplicationContext: initialization completed in 750 ms
app-1  | 2026-07-04T09:52:37.878Z  INFO 1 --- [multifitaundh] [           main] org.hibernate.orm.jpa                    : HHH008540: Processing PersistenceUnitInfo [name: default]
app-1  | 2026-07-04T09:52:37.902Z  INFO 1 --- [multifitaundh] [           main] org.hibernate.orm.core                   : HHH000001: Hibernate ORM core version 7.4.1.Final
app-1  | 2026-07-04T09:52:38.110Z  INFO 1 --- [multifitaundh] [           main] o.s.o.j.p.SpringPersistenceUnitInfo      : No LoadTimeWeaver setup: ignoring JPA class transformer
app-1  | 2026-07-04T09:52:38.123Z  INFO 1 --- [multifitaundh] [           main] com.zaxxer.hikari.HikariDataSource       : HikariPool-1 - Starting...
app-1  | 2026-07-04T09:52:38.211Z  INFO 1 --- [multifitaundh] [           main] com.zaxxer.hikari.pool.HikariPool        : HikariPool-1 - Added connection org.postgresql.jdbc.PgConnection@568ef502
app-1  | 2026-07-04T09:52:38.212Z  INFO 1 --- [multifitaundh] [           main] com.zaxxer.hikari.HikariDataSource       : HikariPool-1 - Start completed.
app-1  | 2026-07-04T09:52:38.225Z  WARN 1 --- [multifitaundh] [           main] org.hibernate.orm.deprecation            : HHH90000025: PostgreSQLDialect does not need to be specified explicitly using 'hibernate.dialect' (remove the property setting and it will be selected by default)
app-1  | 2026-07-04T09:52:38.234Z  INFO 1 --- [multifitaundh] [           main] org.hibernate.orm.connections.pooling    : HHH10001005: Database info:
app-1  | 	Database JDBC URL [jdbc:postgresql://db:5432/multifitaundh]
app-1  | 	Database driver: PostgreSQL JDBC Driver
app-1  | 	Database dialect: PostgreSQLDialect
app-1  | 	Database version: 16.14
app-1  | 	Default catalog/schema: multifitaundh/public
app-1  | 	Autocommit mode: undefined/unknown
app-1  | 	Isolation level: READ_COMMITTED [default READ_COMMITTED]
app-1  | 	JDBC fetch size: none
app-1  | 	Pool: DataSourceConnectionProvider
app-1  | 	Minimum pool size: undefined/unknown
app-1  | 	Maximum pool size: undefined/unknown
app-1  | 2026-07-04T09:52:38.684Z  INFO 1 --- [multifitaundh] [           main] org.hibernate.orm.core                   : HHH000489: No JTA platform available (set 'hibernate.transaction.jta.platform' to enable JTA platform integration)
app-1  | 2026-07-04T09:52:38.708Z  INFO 1 --- [multifitaundh] [           main] j.LocalContainerEntityManagerFactoryBean : Initialized JPA EntityManagerFactory for persistence unit 'default'
app-1  | 2026-07-04T09:52:38.733Z  INFO 1 --- [multifitaundh] [           main] o.s.d.j.r.query.QueryEnhancerFactories   : Hibernate is in classpath; If applicable, HQL parser will be used.
app-1  | 2026-07-04T09:52:38.845Z  WARN 1 --- [multifitaundh] [           main] ConfigServletWebServerApplicationContext : Exception encountered during context initialization - cancelling refresh attempt: org.springframework.beans.factory.UnsatisfiedDependencyException: Error creating bean with name 'adminLeadController' defined in URL [jar:nested:/app/app.jar/!BOOT-INF/classes/!/com/multifitaundh/controller/AdminLeadController.class]: Unsatisfied dependency expressed through constructor parameter 0: Error creating bean with name 'trialLeadService' defined in URL [jar:nested:/app/app.jar/!BOOT-INF/classes/!/com/multifitaundh/service/TrialLeadService.class]: Unsatisfied dependency expressed through constructor parameter 1: Error creating bean with name 'notificationService' defined in URL [jar:nested:/app/app.jar/!BOOT-INF/classes/!/com/multifitaundh/service/NotificationService.class]: Unsatisfied dependency expressed through constructor parameter 0: No qualifying bean of type 'org.springframework.mail.javamail.JavaMailSender' available: expected at least 1 bean which qualifies as autowire candidate. Dependency annotations: {}
app-1  | 2026-07-04T09:52:38.845Z  INFO 1 --- [multifitaundh] [           main] j.LocalContainerEntityManagerFactoryBean : Closing JPA EntityManagerFactory for persistence unit 'default'
app-1  | 2026-07-04T09:52:38.847Z  INFO 1 --- [multifitaundh] [           main] com.zaxxer.hikari.HikariDataSource       : HikariPool-1 - Shutdown initiated...
app-1  | 2026-07-04T09:52:38.849Z  INFO 1 --- [multifitaundh] [           main] com.zaxxer.hikari.HikariDataSource       : HikariPool-1 - Shutdown completed.
app-1  | 2026-07-04T09:52:38.852Z  INFO 1 --- [multifitaundh] [           main] o.apache.catalina.core.StandardService   : Stopping service [Tomcat]
app-1  | 2026-07-04T09:52:38.858Z  INFO 1 --- [multifitaundh] [           main] .s.b.a.l.ConditionEvaluationReportLogger : 
app-1  | 
app-1  | Error starting ApplicationContext. To display the condition evaluation report re-run your application with 'debug' enabled.
app-1  | 2026-07-04T09:52:38.866Z ERROR 1 --- [multifitaundh] [           main] o.s.b.d.LoggingFailureAnalysisReporter   : 
app-1  | 
app-1  | ***************************
app-1  | APPLICATION FAILED TO START
app-1  | ***************************
app-1  | 
app-1  | Description:
app-1  | 
app-1  | Parameter 0 of constructor in com.multifitaundh.service.NotificationService required a bean of type 'org.springframework.mail.javamail.JavaMailSender' that could not be found.
app-1  | 
app-1  | 
app-1  | Action:
app-1  | 
app-1  | Consider defining a bean of type 'org.springframework.mail.javamail.JavaMailSender' in your configuration.
app-1  | 
app-1  | 
app-1  |   .   ____          _            __ _ _
app-1  |  /\\ / ___'_ __ _ _(_)_ __  __ _ \ \ \ \
app-1  | ( ( )\___ | '_ | '_| | '_ \/ _` | \ \ \ \
app-1  |  \\/  ___)| |_)| | | | | || (_| |  ) ) ) )
app-1  |   '  |____| .__|_| |_|_| |_\__, | / / / /
app-1  |  =========|_|==============|___/=/_/_/_/
app-1  | 
app-1  |  :: Spring Boot ::                (v4.1.0)
app-1  | 
app-1  | 2026-07-04T09:52:39.551Z  INFO 1 --- [multifitaundh] [           main] c.m.MultifitaundhbackendApplication      : Starting MultifitaundhbackendApplication v0.0.1-SNAPSHOT using Java 17.0.19 with PID 1 (/app/app.jar started by app in /app)
app-1  | 2026-07-04T09:52:39.552Z  INFO 1 --- [multifitaundh] [           main] c.m.MultifitaundhbackendApplication      : No active profile set, falling back to 1 default profile: "default"
app-1  | 2026-07-04T09:52:39.949Z  INFO 1 --- [multifitaundh] [           main] .s.d.r.c.RepositoryConfigurationDelegate : Bootstrapping Spring Data JPA repositories in DEFAULT mode.
app-1  | 2026-07-04T09:52:39.971Z  INFO 1 --- [multifitaundh] [           main] .s.d.r.c.RepositoryConfigurationDelegate : Finished Spring Data repository scanning in 18 ms. Found 4 JPA repository interfaces.
app-1  | 2026-07-04T09:52:40.259Z  INFO 1 --- [multifitaundh] [           main] o.s.boot.tomcat.TomcatWebServer          : Tomcat initialized with port 8080 (http)
app-1  | 2026-07-04T09:52:40.265Z  INFO 1 --- [multifitaundh] [           main] o.apache.catalina.core.StandardService   : Starting service [Tomcat]
app-1  | 2026-07-04T09:52:40.265Z  INFO 1 --- [multifitaundh] [           main] o.apache.catalina.core.StandardEngine    : Starting Servlet engine: [Apache Tomcat/11.0.22]
app-1  | 2026-07-04T09:52:40.278Z  INFO 1 --- [multifitaundh] [           main] b.w.c.s.WebApplicationContextInitializer : Root WebApplicationContext: initialization completed in 708 ms
app-1  | 2026-07-04T09:52:40.389Z  INFO 1 --- [multifitaundh] [           main] org.hibernate.orm.jpa                    : HHH008540: Processing PersistenceUnitInfo [name: default]
app-1  | 2026-07-04T09:52:40.411Z  INFO 1 --- [multifitaundh] [           main] org.hibernate.orm.core                   : HHH000001: Hibernate ORM core version 7.4.1.Final
app-1  | 2026-07-04T09:52:40.596Z  INFO 1 --- [multifitaundh] [           main] o.s.o.j.p.SpringPersistenceUnitInfo      : No LoadTimeWeaver setup: ignoring JPA class transformer
app-1  | 2026-07-04T09:52:40.608Z  INFO 1 --- [multifitaundh] [           main] com.zaxxer.hikari.HikariDataSource       : HikariPool-1 - Starting...
app-1  | 2026-07-04T09:52:40.691Z  INFO 1 --- [multifitaundh] [           main] com.zaxxer.hikari.pool.HikariPool        : HikariPool-1 - Added connection org.postgresql.jdbc.PgConnection@5b715ea
app-1  | 2026-07-04T09:52:40.692Z  INFO 1 --- [multifitaundh] [           main] com.zaxxer.hikari.HikariDataSource       : HikariPool-1 - Start completed.
app-1  | 2026-07-04T09:52:40.707Z  WARN 1 --- [multifitaundh] [           main] org.hibernate.orm.deprecation            : HHH90000025: PostgreSQLDialect does not need to be specified explicitly using 'hibernate.dialect' (remove the property setting and it will be selected by default)
app-1  | 2026-07-04T09:52:40.716Z  INFO 1 --- [multifitaundh] [           main] org.hibernate.orm.connections.pooling    : HHH10001005: Database info:
app-1  | 	Database JDBC URL [jdbc:postgresql://db:5432/multifitaundh]
app-1  | 	Database driver: PostgreSQL JDBC Driver
app-1  | 	Database dialect: PostgreSQLDialect
app-1  | 	Database version: 16.14
app-1  | 	Default catalog/schema: multifitaundh/public
app-1  | 	Autocommit mode: undefined/unknown
app-1  | 	Isolation level: READ_COMMITTED [default READ_COMMITTED]
app-1  | 	JDBC fetch size: none
app-1  | 	Pool: DataSourceConnectionProvider
app-1  | 	Minimum pool size: undefined/unknown
app-1  | 	Maximum pool size: undefined/unknown
app-1  | 2026-07-04T09:52:41.148Z  INFO 1 --- [multifitaundh] [           main] org.hibernate.orm.core                   : HHH000489: No JTA platform available (set 'hibernate.transaction.jta.platform' to enable JTA platform integration)
app-1  | 2026-07-04T09:52:41.171Z  INFO 1 --- [multifitaundh] [           main] j.LocalContainerEntityManagerFactoryBean : Initialized JPA EntityManagerFactory for persistence unit 'default'
app-1  | 2026-07-04T09:52:41.195Z  INFO 1 --- [multifitaundh] [           main] o.s.d.j.r.query.QueryEnhancerFactories   : Hibernate is in classpath; If applicable, HQL parser will be used.
app-1  | 2026-07-04T09:52:41.306Z  WARN 1 --- [multifitaundh] [           main] ConfigServletWebServerApplicationContext : Exception encountered during context initialization - cancelling refresh attempt: org.springframework.beans.factory.UnsatisfiedDependencyException: Error creating bean with name 'adminLeadController' defined in URL [jar:nested:/app/app.jar/!BOOT-INF/classes/!/com/multifitaundh/controller/AdminLeadController.class]: Unsatisfied dependency expressed through constructor parameter 0: Error creating bean with name 'trialLeadService' defined in URL [jar:nested:/app/app.jar/!BOOT-INF/classes/!/com/multifitaundh/service/TrialLeadService.class]: Unsatisfied dependency expressed through constructor parameter 1: Error creating bean with name 'notificationService' defined in URL [jar:nested:/app/app.jar/!BOOT-INF/classes/!/com/multifitaundh/service/NotificationService.class]: Unsatisfied dependency expressed through constructor parameter 0: No qualifying bean of type 'org.springframework.mail.javamail.JavaMailSender' available: expected at least 1 bean which qualifies as autowire candidate. Dependency annotations: {}
app-1  | 2026-07-04T09:52:41.306Z  INFO 1 --- [multifitaundh] [           main] j.LocalContainerEntityManagerFactoryBean : Closing JPA EntityManagerFactory for persistence unit 'default'
app-1  | 2026-07-04T09:52:41.308Z  INFO 1 --- [multifitaundh] [           main] com.zaxxer.hikari.HikariDataSource       : HikariPool-1 - Shutdown initiated...
app-1  | 2026-07-04T09:52:41.311Z  INFO 1 --- [multifitaundh] [           main] com.zaxxer.hikari.HikariDataSource       : HikariPool-1 - Shutdown completed.
app-1  | 2026-07-04T09:52:41.313Z  INFO 1 --- [multifitaundh] [           main] o.apache.catalina.core.StandardService   : Stopping service [Tomcat]
app-1  | 2026-07-04T09:52:41.319Z  INFO 1 --- [multifitaundh] [           main] .s.b.a.l.ConditionEvaluationReportLogger : 
app-1  | 
app-1  | Error starting ApplicationContext. To display the condition evaluation report re-run your application with 'debug' enabled.
app-1  | 2026-07-04T09:52:41.328Z ERROR 1 --- [multifitaundh] [           main] o.s.b.d.LoggingFailureAnalysisReporter   : 
app-1  | 
app-1  | ***************************
app-1  | APPLICATION FAILED TO START
app-1  | ***************************
app-1  | 
app-1  | Description:
app-1  | 
app-1  | Parameter 0 of constructor in com.multifitaundh.service.NotificationService required a bean of type 'org.springframework.mail.javamail.JavaMailSender' that could not be found.
app-1  | 
app-1  | 
app-1  | Action:
app-1  | 
app-1  | Consider defining a bean of type 'org.springframework.mail.javamail.JavaMailSender' in your configuration.
app-1  | 
app-1  | 
app-1  |   .   ____          _            __ _ _
app-1  |  /\\ / ___'_ __ _ _(_)_ __  __ _ \ \ \ \
app-1  | ( ( )\___ | '_ | '_| | '_ \/ _` | \ \ \ \
app-1  |  \\/  ___)| |_)| | | | | || (_| |  ) ) ) )
app-1  |   '  |____| .__|_| |_|_| |_\__, | / / / /
app-1  |  =========|_|==============|___/=/_/_/_/
app-1  | 
app-1  |  :: Spring Boot ::                (v4.1.0)
app-1  | 
app-1  | 2026-07-04T09:52:42.227Z  INFO 1 --- [multifitaundh] [           main] c.m.MultifitaundhbackendApplication      : Starting MultifitaundhbackendApplication v0.0.1-SNAPSHOT using Java 17.0.19 with PID 1 (/app/app.jar started by app in /app)
app-1  | 2026-07-04T09:52:42.228Z  INFO 1 --- [multifitaundh] [           main] c.m.MultifitaundhbackendApplication      : No active profile set, falling back to 1 default profile: "default"
app-1  | 2026-07-04T09:52:42.618Z  INFO 1 --- [multifitaundh] [           main] .s.d.r.c.RepositoryConfigurationDelegate : Bootstrapping Spring Data JPA repositories in DEFAULT mode.
app-1  | 2026-07-04T09:52:42.639Z  INFO 1 --- [multifitaundh] [           main] .s.d.r.c.RepositoryConfigurationDelegate : Finished Spring Data repository scanning in 17 ms. Found 4 JPA repository interfaces.
app-1  | 2026-07-04T09:52:42.931Z  INFO 1 --- [multifitaundh] [           main] o.s.boot.tomcat.TomcatWebServer          : Tomcat initialized with port 8080 (http)
app-1  | 2026-07-04T09:52:42.937Z  INFO 1 --- [multifitaundh] [           main] o.apache.catalina.core.StandardService   : Starting service [Tomcat]
app-1  | 2026-07-04T09:52:42.937Z  INFO 1 --- [multifitaundh] [           main] o.apache.catalina.core.StandardEngine    : Starting Servlet engine: [Apache Tomcat/11.0.22]
app-1  | 2026-07-04T09:52:42.953Z  INFO 1 --- [multifitaundh] [           main] b.w.c.s.WebApplicationContextInitializer : Root WebApplicationContext: initialization completed in 706 ms
app-1  | 2026-07-04T09:52:43.073Z  INFO 1 --- [multifitaundh] [           main] org.hibernate.orm.jpa                    : HHH008540: Processing PersistenceUnitInfo [name: default]
app-1  | 2026-07-04T09:52:43.098Z  INFO 1 --- [multifitaundh] [           main] org.hibernate.orm.core                   : HHH000001: Hibernate ORM core version 7.4.1.Final
app-1  | 2026-07-04T09:52:43.296Z  INFO 1 --- [multifitaundh] [           main] o.s.o.j.p.SpringPersistenceUnitInfo      : No LoadTimeWeaver setup: ignoring JPA class transformer
app-1  | 2026-07-04T09:52:43.309Z  INFO 1 --- [multifitaundh] [           main] com.zaxxer.hikari.HikariDataSource       : HikariPool-1 - Starting...
app-1  | 2026-07-04T09:52:43.401Z  INFO 1 --- [multifitaundh] [           main] com.zaxxer.hikari.pool.HikariPool        : HikariPool-1 - Added connection org.postgresql.jdbc.PgConnection@1618c98a
app-1  | 2026-07-04T09:52:43.402Z  INFO 1 --- [multifitaundh] [           main] com.zaxxer.hikari.HikariDataSource       : HikariPool-1 - Start completed.
app-1  | 2026-07-04T09:52:43.417Z  WARN 1 --- [multifitaundh] [           main] org.hibernate.orm.deprecation            : HHH90000025: PostgreSQLDialect does not need to be specified explicitly using 'hibernate.dialect' (remove the property setting and it will be selected by default)
app-1  | 2026-07-04T09:52:43.427Z  INFO 1 --- [multifitaundh] [           main] org.hibernate.orm.connections.pooling    : HHH10001005: Database info:
app-1  | 	Database JDBC URL [jdbc:postgresql://db:5432/multifitaundh]
app-1  | 	Database driver: PostgreSQL JDBC Driver
app-1  | 	Database dialect: PostgreSQLDialect
app-1  | 	Database version: 16.14
app-1  | 	Default catalog/schema: multifitaundh/public
app-1  | 	Autocommit mode: undefined/unknown
app-1  | 	Isolation level: READ_COMMITTED [default READ_COMMITTED]
app-1  | 	JDBC fetch size: none
app-1  | 	Pool: DataSourceConnectionProvider
app-1  | 	Minimum pool size: undefined/unknown
app-1  | 	Maximum pool size: undefined/unknown
app-1  | 2026-07-04T09:52:43.881Z  INFO 1 --- [multifitaundh] [           main] org.hibernate.orm.core                   : HHH000489: No JTA platform available (set 'hibernate.transaction.jta.platform' to enable JTA platform integration)
app-1  | 2026-07-04T09:52:43.903Z  INFO 1 --- [multifitaundh] [           main] j.LocalContainerEntityManagerFactoryBean : Initialized JPA EntityManagerFactory for persistence unit 'default'
app-1  | 2026-07-04T09:52:43.928Z  INFO 1 --- [multifitaundh] [           main] o.s.d.j.r.query.QueryEnhancerFactories   : Hibernate is in classpath; If applicable, HQL parser will be used.
app-1  | 2026-07-04T09:52:44.045Z  WARN 1 --- [multifitaundh] [           main] ConfigServletWebServerApplicationContext : Exception encountered during context initialization - cancelling refresh attempt: org.springframework.beans.factory.UnsatisfiedDependencyException: Error creating bean with name 'adminLeadController' defined in URL [jar:nested:/app/app.jar/!BOOT-INF/classes/!/com/multifitaundh/controller/AdminLeadController.class]: Unsatisfied dependency expressed through constructor parameter 0: Error creating bean with name 'trialLeadService' defined in URL [jar:nested:/app/app.jar/!BOOT-INF/classes/!/com/multifitaundh/service/TrialLeadService.class]: Unsatisfied dependency expressed through constructor parameter 1: Error creating bean with name 'notificationService' defined in URL [jar:nested:/app/app.jar/!BOOT-INF/classes/!/com/multifitaundh/service/NotificationService.class]: Unsatisfied dependency expressed through constructor parameter 0: No qualifying bean of type 'org.springframework.mail.javamail.JavaMailSender' available: expected at least 1 bean which qualifies as autowire candidate. Dependency annotations: {}
app-1  | 2026-07-04T09:52:44.046Z  INFO 1 --- [multifitaundh] [           main] j.LocalContainerEntityManagerFactoryBean : Closing JPA EntityManagerFactory for persistence unit 'default'
app-1  | 2026-07-04T09:52:44.048Z  INFO 1 --- [multifitaundh] [           main] com.zaxxer.hikari.HikariDataSource       : HikariPool-1 - Shutdown initiated...
app-1  | 2026-07-04T09:52:44.051Z  INFO 1 --- [multifitaundh] [           main] com.zaxxer.hikari.HikariDataSource       : HikariPool-1 - Shutdown completed.
app-1  | 2026-07-04T09:52:44.053Z  INFO 1 --- [multifitaundh] [           main] o.apache.catalina.core.StandardService   : Stopping service [Tomcat]
app-1  | 2026-07-04T09:52:44.059Z  INFO 1 --- [multifitaundh] [           main] .s.b.a.l.ConditionEvaluationReportLogger : 
app-1  | 
app-1  | Error starting ApplicationContext. To display the condition evaluation report re-run your application with 'debug' enabled.
app-1  | 2026-07-04T09:52:44.068Z ERROR 1 --- [multifitaundh] [           main] o.s.b.d.LoggingFailureAnalysisReporter   : 
app-1  | 
app-1  | ***************************
app-1  | APPLICATION FAILED TO START
app-1  | ***************************
app-1  | 
app-1  | Description:
app-1  | 
app-1  | Parameter 0 of constructor in com.multifitaundh.service.NotificationService required a bean of type 'org.springframework.mail.javamail.JavaMailSender' that could not be found.
app-1  | 
app-1  | 
app-1  | Action:
app-1  | 
app-1  | Consider defining a bean of type 'org.springframework.mail.javamail.JavaMailSender' in your configuration.
app-1  | 
app-1  | 
app-1  |   .   ____          _            __ _ _
app-1  |  /\\ / ___'_ __ _ _(_)_ __  __ _ \ \ \ \
app-1  | ( ( )\___ | '_ | '_| | '_ \/ _` | \ \ \ \
app-1  |  \\/  ___)| |_)| | | | | || (_| |  ) ) ) )
app-1  |   '  |____| .__|_| |_|_| |_\__, | / / / /
app-1  |  =========|_|==============|___/=/_/_/_/
app-1  | 
app-1  |  :: Spring Boot ::                (v4.1.0)
app-1  | 
app-1  | 2026-07-04T09:52:45.401Z  INFO 1 --- [multifitaundh] [           main] c.m.MultifitaundhbackendApplication      : Starting MultifitaundhbackendApplication v0.0.1-SNAPSHOT using Java 17.0.19 with PID 1 (/app/app.jar started by app in /app)
app-1  | 2026-07-04T09:52:45.402Z  INFO 1 --- [multifitaundh] [           main] c.m.MultifitaundhbackendApplication      : No active profile set, falling back to 1 default profile: "default"
app-1  | 2026-07-04T09:52:45.800Z  INFO 1 --- [multifitaundh] [           main] .s.d.r.c.RepositoryConfigurationDelegate : Bootstrapping Spring Data JPA repositories in DEFAULT mode.
app-1  | 2026-07-04T09:52:45.829Z  INFO 1 --- [multifitaundh] [           main] .s.d.r.c.RepositoryConfigurationDelegate : Finished Spring Data repository scanning in 25 ms. Found 4 JPA repository interfaces.
app-1  | 2026-07-04T09:52:46.110Z  INFO 1 --- [multifitaundh] [           main] o.s.boot.tomcat.TomcatWebServer          : Tomcat initialized with port 8080 (http)
app-1  | 2026-07-04T09:52:46.117Z  INFO 1 --- [multifitaundh] [           main] o.apache.catalina.core.StandardService   : Starting service [Tomcat]
app-1  | 2026-07-04T09:52:46.117Z  INFO 1 --- [multifitaundh] [           main] o.apache.catalina.core.StandardEngine    : Starting Servlet engine: [Apache Tomcat/11.0.22]
app-1  | 2026-07-04T09:52:46.132Z  INFO 1 --- [multifitaundh] [           main] b.w.c.s.WebApplicationContextInitializer : Root WebApplicationContext: initialization completed in 712 ms
app-1  | 2026-07-04T09:52:46.248Z  INFO 1 --- [multifitaundh] [           main] org.hibernate.orm.jpa                    : HHH008540: Processing PersistenceUnitInfo [name: default]
app-1  | 2026-07-04T09:52:46.270Z  INFO 1 --- [multifitaundh] [           main] org.hibernate.orm.core                   : HHH000001: Hibernate ORM core version 7.4.1.Final
app-1  | 2026-07-04T09:52:46.447Z  INFO 1 --- [multifitaundh] [           main] o.s.o.j.p.SpringPersistenceUnitInfo      : No LoadTimeWeaver setup: ignoring JPA class transformer
app-1  | 2026-07-04T09:52:46.458Z  INFO 1 --- [multifitaundh] [           main] com.zaxxer.hikari.HikariDataSource       : HikariPool-1 - Starting...
app-1  | 2026-07-04T09:52:46.543Z  INFO 1 --- [multifitaundh] [           main] com.zaxxer.hikari.pool.HikariPool        : HikariPool-1 - Added connection org.postgresql.jdbc.PgConnection@568ef502
app-1  | 2026-07-04T09:52:46.543Z  INFO 1 --- [multifitaundh] [           main] com.zaxxer.hikari.HikariDataSource       : HikariPool-1 - Start completed.
app-1  | 2026-07-04T09:52:46.555Z  WARN 1 --- [multifitaundh] [           main] org.hibernate.orm.deprecation            : HHH90000025: PostgreSQLDialect does not need to be specified explicitly using 'hibernate.dialect' (remove the property setting and it will be selected by default)
app-1  | 2026-07-04T09:52:46.563Z  INFO 1 --- [multifitaundh] [           main] org.hibernate.orm.connections.pooling    : HHH10001005: Database info:
app-1  | 	Database JDBC URL [jdbc:postgresql://db:5432/multifitaundh]
app-1  | 	Database driver: PostgreSQL JDBC Driver
app-1  | 	Database dialect: PostgreSQLDialect
app-1  | 	Database version: 16.14
app-1  | 	Default catalog/schema: multifitaundh/public
app-1  | 	Autocommit mode: undefined/unknown
app-1  | 	Isolation level: READ_COMMITTED [default READ_COMMITTED]
app-1  | 	JDBC fetch size: none
app-1  | 	Pool: DataSourceConnectionProvider
app-1  | 	Minimum pool size: undefined/unknown
app-1  | 	Maximum pool size: undefined/unknown
app-1  | 2026-07-04T09:52:46.982Z  INFO 1 --- [multifitaundh] [           main] org.hibernate.orm.core                   : HHH000489: No JTA platform available (set 'hibernate.transaction.jta.platform' to enable JTA platform integration)
app-1  | 2026-07-04T09:52:47.003Z  INFO 1 --- [multifitaundh] [           main] j.LocalContainerEntityManagerFactoryBean : Initialized JPA EntityManagerFactory for persistence unit 'default'
app-1  | 2026-07-04T09:52:47.028Z  INFO 1 --- [multifitaundh] [           main] o.s.d.j.r.query.QueryEnhancerFactories   : Hibernate is in classpath; If applicable, HQL parser will be used.
app-1  | 2026-07-04T09:52:47.137Z  WARN 1 --- [multifitaundh] [           main] ConfigServletWebServerApplicationContext : Exception encountered during context initialization - cancelling refresh attempt: org.springframework.beans.factory.UnsatisfiedDependencyException: Error creating bean with name 'adminLeadController' defined in URL [jar:nested:/app/app.jar/!BOOT-INF/classes/!/com/multifitaundh/controller/AdminLeadController.class]: Unsatisfied dependency expressed through constructor parameter 0: Error creating bean with name 'trialLeadService' defined in URL [jar:nested:/app/app.jar/!BOOT-INF/classes/!/com/multifitaundh/service/TrialLeadService.class]: Unsatisfied dependency expressed through constructor parameter 1: Error creating bean with name 'notificationService' defined in URL [jar:nested:/app/app.jar/!BOOT-INF/classes/!/com/multifitaundh/service/NotificationService.class]: Unsatisfied dependency expressed through constructor parameter 0: No qualifying bean of type 'org.springframework.mail.javamail.JavaMailSender' available: expected at least 1 bean which qualifies as autowire candidate. Dependency annotations: {}
app-1  | 2026-07-04T09:52:47.138Z  INFO 1 --- [multifitaundh] [           main] j.LocalContainerEntityManagerFactoryBean : Closing JPA EntityManagerFactory for persistence unit 'default'
app-1  | 2026-07-04T09:52:47.142Z  INFO 1 --- [multifitaundh] [           main] com.zaxxer.hikari.HikariDataSource       : HikariPool-1 - Shutdown initiated...
app-1  | 2026-07-04T09:52:47.147Z  INFO 1 --- [multifitaundh] [           main] com.zaxxer.hikari.HikariDataSource       : HikariPool-1 - Shutdown completed.
app-1  | 2026-07-04T09:52:47.148Z  INFO 1 --- [multifitaundh] [           main] o.apache.catalina.core.StandardService   : Stopping service [Tomcat]
app-1  | 2026-07-04T09:52:47.154Z  INFO 1 --- [multifitaundh] [           main] .s.b.a.l.ConditionEvaluationReportLogger : 
app-1  | 
app-1  | Error starting ApplicationContext. To display the condition evaluation report re-run your application with 'debug' enabled.
app-1  | 2026-07-04T09:52:47.165Z ERROR 1 --- [multifitaundh] [           main] o.s.b.d.LoggingFailureAnalysisReporter   : 
app-1  | 
app-1  | ***************************
app-1  | APPLICATION FAILED TO START
app-1  | ***************************
app-1  | 
app-1  | Description:
app-1  | 
app-1  | Parameter 0 of constructor in com.multifitaundh.service.NotificationService required a bean of type 'org.springframework.mail.javamail.JavaMailSender' that could not be found.
app-1  | 
app-1  | 
app-1  | Action:
app-1  | 
app-1  | Consider defining a bean of type 'org.springframework.mail.javamail.JavaMailSender' in your configuration.
app-1  | 
app-1  | 
app-1  |   .   ____          _            __ _ _
app-1  |  /\\ / ___'_ __ _ _(_)_ __  __ _ \ \ \ \
app-1  | ( ( )\___ | '_ | '_| | '_ \/ _` | \ \ \ \
app-1  |  \\/  ___)| |_)| | | | | || (_| |  ) ) ) )
app-1  |   '  |____| .__|_| |_|_| |_\__, | / / / /
app-1  |  =========|_|==============|___/=/_/_/_/
app-1  | 
app-1  |  :: Spring Boot ::                (v4.1.0)
app-1  | 
app-1  | 2026-07-04T09:52:49.346Z  INFO 1 --- [multifitaundh] [           main] c.m.MultifitaundhbackendApplication      : Starting MultifitaundhbackendApplication v0.0.1-SNAPSHOT using Java 17.0.19 with PID 1 (/app/app.jar started by app in /app)
app-1  | 2026-07-04T09:52:49.348Z  INFO 1 --- [multifitaundh] [           main] c.m.MultifitaundhbackendApplication      : No active profile set, falling back to 1 default profile: "default"
app-1  | 2026-07-04T09:52:49.959Z  INFO 1 --- [multifitaundh] [           main] .s.d.r.c.RepositoryConfigurationDelegate : Bootstrapping Spring Data JPA repositories in DEFAULT mode.
app-1  | 2026-07-04T09:52:49.982Z  INFO 1 --- [multifitaundh] [           main] .s.d.r.c.RepositoryConfigurationDelegate : Finished Spring Data repository scanning in 18 ms. Found 4 JPA repository interfaces.
app-1  | 2026-07-04T09:52:50.301Z  INFO 1 --- [multifitaundh] [           main] o.s.boot.tomcat.TomcatWebServer          : Tomcat initialized with port 8080 (http)
app-1  | 2026-07-04T09:52:50.308Z  INFO 1 --- [multifitaundh] [           main] o.apache.catalina.core.StandardService   : Starting service [Tomcat]
app-1  | 2026-07-04T09:52:50.308Z  INFO 1 --- [multifitaundh] [           main] o.apache.catalina.core.StandardEngine    : Starting Servlet engine: [Apache Tomcat/11.0.22]
app-1  | 2026-07-04T09:52:50.326Z  INFO 1 --- [multifitaundh] [           main] b.w.c.s.WebApplicationContextInitializer : Root WebApplicationContext: initialization completed in 954 ms
app-1  | 2026-07-04T09:52:50.451Z  INFO 1 --- [multifitaundh] [           main] org.hibernate.orm.jpa                    : HHH008540: Processing PersistenceUnitInfo [name: default]
app-1  | 2026-07-04T09:52:50.475Z  INFO 1 --- [multifitaundh] [           main] org.hibernate.orm.core                   : HHH000001: Hibernate ORM core version 7.4.1.Final
app-1  | 2026-07-04T09:52:50.682Z  INFO 1 --- [multifitaundh] [           main] o.s.o.j.p.SpringPersistenceUnitInfo      : No LoadTimeWeaver setup: ignoring JPA class transformer
app-1  | 2026-07-04T09:52:50.696Z  INFO 1 --- [multifitaundh] [           main] com.zaxxer.hikari.HikariDataSource       : HikariPool-1 - Starting...
app-1  | 2026-07-04T09:52:50.790Z  INFO 1 --- [multifitaundh] [           main] com.zaxxer.hikari.pool.HikariPool        : HikariPool-1 - Added connection org.postgresql.jdbc.PgConnection@7bef7505
app-1  | 2026-07-04T09:52:50.791Z  INFO 1 --- [multifitaundh] [           main] com.zaxxer.hikari.HikariDataSource       : HikariPool-1 - Start completed.
app-1  | 2026-07-04T09:52:50.806Z  WARN 1 --- [multifitaundh] [           main] org.hibernate.orm.deprecation            : HHH90000025: PostgreSQLDialect does not need to be specified explicitly using 'hibernate.dialect' (remove the property setting and it will be selected by default)
app-1  | 2026-07-04T09:52:50.819Z  INFO 1 --- [multifitaundh] [           main] org.hibernate.orm.connections.pooling    : HHH10001005: Database info:
app-1  | 	Database JDBC URL [jdbc:postgresql://db:5432/multifitaundh]
app-1  | 	Database driver: PostgreSQL JDBC Driver
app-1  | 	Database dialect: PostgreSQLDialect
app-1  | 	Database version: 16.14
app-1  | 	Default catalog/schema: multifitaundh/public
app-1  | 	Autocommit mode: undefined/unknown
app-1  | 	Isolation level: READ_COMMITTED [default READ_COMMITTED]
app-1  | 	JDBC fetch size: none
app-1  | 	Pool: DataSourceConnectionProvider
app-1  | 	Minimum pool size: undefined/unknown
app-1  | 	Maximum pool size: undefined/unknown
app-1  | 2026-07-04T09:52:51.293Z  INFO 1 --- [multifitaundh] [           main] org.hibernate.orm.core                   : HHH000489: No JTA platform available (set 'hibernate.transaction.jta.platform' to enable JTA platform integration)
app-1  | 2026-07-04T09:52:51.317Z  INFO 1 --- [multifitaundh] [           main] j.LocalContainerEntityManagerFactoryBean : Initialized JPA EntityManagerFactory for persistence unit 'default'
app-1  | 2026-07-04T09:52:51.343Z  INFO 1 --- [multifitaundh] [           main] o.s.d.j.r.query.QueryEnhancerFactories   : Hibernate is in classpath; If applicable, HQL parser will be used.
app-1  | 2026-07-04T09:52:51.461Z  WARN 1 --- [multifitaundh] [           main] ConfigServletWebServerApplicationContext : Exception encountered during context initialization - cancelling refresh attempt: org.springframework.beans.factory.UnsatisfiedDependencyException: Error creating bean with name 'adminLeadController' defined in URL [jar:nested:/app/app.jar/!BOOT-INF/classes/!/com/multifitaundh/controller/AdminLeadController.class]: Unsatisfied dependency expressed through constructor parameter 0: Error creating bean with name 'trialLeadService' defined in URL [jar:nested:/app/app.jar/!BOOT-INF/classes/!/com/multifitaundh/service/TrialLeadService.class]: Unsatisfied dependency expressed through constructor parameter 1: Error creating bean with name 'notificationService' defined in URL [jar:nested:/app/app.jar/!BOOT-INF/classes/!/com/multifitaundh/service/NotificationService.class]: Unsatisfied dependency expressed through constructor parameter 0: No qualifying bean of type 'org.springframework.mail.javamail.JavaMailSender' available: expected at least 1 bean which qualifies as autowire candidate. Dependency annotations: {}
app-1  | 2026-07-04T09:52:51.462Z  INFO 1 --- [multifitaundh] [           main] j.LocalContainerEntityManagerFactoryBean : Closing JPA EntityManagerFactory for persistence unit 'default'
app-1  | 2026-07-04T09:52:51.463Z  INFO 1 --- [multifitaundh] [           main] com.zaxxer.hikari.HikariDataSource       : HikariPool-1 - Shutdown initiated...
app-1  | 2026-07-04T09:52:51.466Z  INFO 1 --- [multifitaundh] [           main] com.zaxxer.hikari.HikariDataSource       : HikariPool-1 - Shutdown completed.
app-1  | 2026-07-04T09:52:51.468Z  INFO 1 --- [multifitaundh] [           main] o.apache.catalina.core.StandardService   : Stopping service [Tomcat]
app-1  | 2026-07-04T09:52:51.474Z  INFO 1 --- [multifitaundh] [           main] .s.b.a.l.ConditionEvaluationReportLogger : 
app-1  | 
app-1  | Error starting ApplicationContext. To display the condition evaluation report re-run your application with 'debug' enabled.
app-1  | 2026-07-04T09:52:51.483Z ERROR 1 --- [multifitaundh] [           main] o.s.b.d.LoggingFailureAnalysisReporter   : 
app-1  | 
app-1  | ***************************
app-1  | APPLICATION FAILED TO START
app-1  | ***************************
app-1  | 
app-1  | Description:
app-1  | 
app-1  | Parameter 0 of constructor in com.multifitaundh.service.NotificationService required a bean of type 'org.springframework.mail.javamail.JavaMailSender' that could not be found.
app-1  | 
app-1  | 
app-1  | Action:
app-1  | 
app-1  | Consider defining a bean of type 'org.springframework.mail.javamail.JavaMailSender' in your configuration.
app-1  | 
app-1  | 
app-1  |   .   ____          _            __ _ _
app-1  |  /\\ / ___'_ __ _ _(_)_ __  __ _ \ \ \ \
app-1  | ( ( )\___ | '_ | '_| | '_ \/ _` | \ \ \ \
app-1  |  \\/  ___)| |_)| | | | | || (_| |  ) ) ) )
app-1  |   '  |____| .__|_| |_|_| |_\__, | / / / /
app-1  |  =========|_|==============|___/=/_/_/_/
app-1  | 
app-1  |  :: Spring Boot ::                (v4.1.0)
app-1  | 
app-1  | 2026-07-04T09:52:55.292Z  INFO 1 --- [multifitaundh] [           main] c.m.MultifitaundhbackendApplication      : Starting MultifitaundhbackendApplication v0.0.1-SNAPSHOT using Java 17.0.19 with PID 1 (/app/app.jar started by app in /app)
app-1  | 2026-07-04T09:52:55.294Z  INFO 1 --- [multifitaundh] [           main] c.m.MultifitaundhbackendApplication      : No active profile set, falling back to 1 default profile: "default"
app-1  | 2026-07-04T09:52:55.722Z  INFO 1 --- [multifitaundh] [           main] .s.d.r.c.RepositoryConfigurationDelegate : Bootstrapping Spring Data JPA repositories in DEFAULT mode.
app-1  | 2026-07-04T09:52:55.745Z  INFO 1 --- [multifitaundh] [           main] .s.d.r.c.RepositoryConfigurationDelegate : Finished Spring Data repository scanning in 19 ms. Found 4 JPA repository interfaces.
app-1  | 2026-07-04T09:52:56.051Z  INFO 1 --- [multifitaundh] [           main] o.s.boot.tomcat.TomcatWebServer          : Tomcat initialized with port 8080 (http)
app-1  | 2026-07-04T09:52:56.058Z  INFO 1 --- [multifitaundh] [           main] o.apache.catalina.core.StandardService   : Starting service [Tomcat]
app-1  | 2026-07-04T09:52:56.058Z  INFO 1 --- [multifitaundh] [           main] o.apache.catalina.core.StandardEngine    : Starting Servlet engine: [Apache Tomcat/11.0.22]
app-1  | 2026-07-04T09:52:56.071Z  INFO 1 --- [multifitaundh] [           main] b.w.c.s.WebApplicationContextInitializer : Root WebApplicationContext: initialization completed in 755 ms
app-1  | 2026-07-04T09:52:56.194Z  INFO 1 --- [multifitaundh] [           main] org.hibernate.orm.jpa                    : HHH008540: Processing PersistenceUnitInfo [name: default]
app-1  | 2026-07-04T09:52:56.217Z  INFO 1 --- [multifitaundh] [           main] org.hibernate.orm.core                   : HHH000001: Hibernate ORM core version 7.4.1.Final
app-1  | 2026-07-04T09:52:56.401Z  INFO 1 --- [multifitaundh] [           main] o.s.o.j.p.SpringPersistenceUnitInfo      : No LoadTimeWeaver setup: ignoring JPA class transformer
app-1  | 2026-07-04T09:52:56.416Z  INFO 1 --- [multifitaundh] [           main] com.zaxxer.hikari.HikariDataSource       : HikariPool-1 - Starting...
app-1  | 2026-07-04T09:52:56.500Z  INFO 1 --- [multifitaundh] [           main] com.zaxxer.hikari.pool.HikariPool        : HikariPool-1 - Added connection org.postgresql.jdbc.PgConnection@36f05595
app-1  | 2026-07-04T09:52:56.500Z  INFO 1 --- [multifitaundh] [           main] com.zaxxer.hikari.HikariDataSource       : HikariPool-1 - Start completed.
app-1  | 2026-07-04T09:52:56.517Z  WARN 1 --- [multifitaundh] [           main] org.hibernate.orm.deprecation            : HHH90000025: PostgreSQLDialect does not need to be specified explicitly using 'hibernate.dialect' (remove the property setting and it will be selected by default)
app-1  | 2026-07-04T09:52:56.525Z  INFO 1 --- [multifitaundh] [           main] org.hibernate.orm.connections.pooling    : HHH10001005: Database info:
app-1  | 	Database JDBC URL [jdbc:postgresql://db:5432/multifitaundh]
app-1  | 	Database driver: PostgreSQL JDBC Driver
app-1  | 	Database dialect: PostgreSQLDialect
app-1  | 	Database version: 16.14
app-1  | 	Default catalog/schema: multifitaundh/public
app-1  | 	Autocommit mode: undefined/unknown
app-1  | 	Isolation level: READ_COMMITTED [default READ_COMMITTED]
app-1  | 	JDBC fetch size: none
app-1  | 	Pool: DataSourceConnectionProvider
app-1  | 	Minimum pool size: undefined/unknown
app-1  | 	Maximum pool size: undefined/unknown
app-1  | 2026-07-04T09:52:57.042Z  INFO 1 --- [multifitaundh] [           main] org.hibernate.orm.core                   : HHH000489: No JTA platform available (set 'hibernate.transaction.jta.platform' to enable JTA platform integration)
app-1  | 2026-07-04T09:52:57.064Z  INFO 1 --- [multifitaundh] [           main] j.LocalContainerEntityManagerFactoryBean : Initialized JPA EntityManagerFactory for persistence unit 'default'
app-1  | 2026-07-04T09:52:57.089Z  INFO 1 --- [multifitaundh] [           main] o.s.d.j.r.query.QueryEnhancerFactories   : Hibernate is in classpath; If applicable, HQL parser will be used.
app-1  | 2026-07-04T09:52:57.215Z  WARN 1 --- [multifitaundh] [           main] ConfigServletWebServerApplicationContext : Exception encountered during context initialization - cancelling refresh attempt: org.springframework.beans.factory.UnsatisfiedDependencyException: Error creating bean with name 'adminLeadController' defined in URL [jar:nested:/app/app.jar/!BOOT-INF/classes/!/com/multifitaundh/controller/AdminLeadController.class]: Unsatisfied dependency expressed through constructor parameter 0: Error creating bean with name 'trialLeadService' defined in URL [jar:nested:/app/app.jar/!BOOT-INF/classes/!/com/multifitaundh/service/TrialLeadService.class]: Unsatisfied dependency expressed through constructor parameter 1: Error creating bean with name 'notificationService' defined in URL [jar:nested:/app/app.jar/!BOOT-INF/classes/!/com/multifitaundh/service/NotificationService.class]: Unsatisfied dependency expressed through constructor parameter 0: No qualifying bean of type 'org.springframework.mail.javamail.JavaMailSender' available: expected at least 1 bean which qualifies as autowire candidate. Dependency annotations: {}
app-1  | 2026-07-04T09:52:57.215Z  INFO 1 --- [multifitaundh] [           main] j.LocalContainerEntityManagerFactoryBean : Closing JPA EntityManagerFactory for persistence unit 'default'
app-1  | 2026-07-04T09:52:57.217Z  INFO 1 --- [multifitaundh] [           main] com.zaxxer.hikari.HikariDataSource       : HikariPool-1 - Shutdown initiated...
app-1  | 2026-07-04T09:52:57.220Z  INFO 1 --- [multifitaundh] [           main] com.zaxxer.hikari.HikariDataSource       : HikariPool-1 - Shutdown completed.
app-1  | 2026-07-04T09:52:57.221Z  INFO 1 --- [multifitaundh] [           main] o.apache.catalina.core.StandardService   : Stopping service [Tomcat]
app-1  | 2026-07-04T09:52:57.229Z  INFO 1 --- [multifitaundh] [           main] .s.b.a.l.ConditionEvaluationReportLogger : 
app-1  | 
app-1  | Error starting ApplicationContext. To display the condition evaluation report re-run your application with 'debug' enabled.
app-1  | 2026-07-04T09:52:57.237Z ERROR 1 --- [multifitaundh] [           main] o.s.b.d.LoggingFailureAnalysisReporter   : 
app-1  | 
app-1  | ***************************
app-1  | APPLICATION FAILED TO START
app-1  | ***************************
app-1  | 
app-1  | Description:
app-1  | 
app-1  | Parameter 0 of constructor in com.multifitaundh.service.NotificationService required a bean of type 'org.springframework.mail.javamail.JavaMailSender' that could not be found.
app-1  | 
app-1  | 
app-1  | Action:
app-1  | 
app-1  | Consider defining a bean of type 'org.springframework.mail.javamail.JavaMailSender' in your configuration.
app-1  | 
app-1  | 
app-1  |   .   ____          _            __ _ _
app-1  |  /\\ / ___'_ __ _ _(_)_ __  __ _ \ \ \ \
app-1  | ( ( )\___ | '_ | '_| | '_ \/ _` | \ \ \ \
app-1  |  \\/  ___)| |_)| | | | | || (_| |  ) ) ) )
app-1  |   '  |____| .__|_| |_|_| |_\__, | / / / /
app-1  |  =========|_|==============|___/=/_/_/_/
app-1  | 
app-1  |  :: Spring Boot ::                (v4.1.0)
app-1  | 
app-1  | 2026-07-04T09:53:04.182Z  INFO 1 --- [multifitaundh] [           main] c.m.MultifitaundhbackendApplication      : Starting MultifitaundhbackendApplication v0.0.1-SNAPSHOT using Java 17.0.19 with PID 1 (/app/app.jar started by app in /app)
app-1  | 2026-07-04T09:53:04.184Z  INFO 1 --- [multifitaundh] [           main] c.m.MultifitaundhbackendApplication      : No active profile set, falling back to 1 default profile: "default"
app-1  | 2026-07-04T09:53:04.596Z  INFO 1 --- [multifitaundh] [           main] .s.d.r.c.RepositoryConfigurationDelegate : Bootstrapping Spring Data JPA repositories in DEFAULT mode.
app-1  | 2026-07-04T09:53:04.618Z  INFO 1 --- [multifitaundh] [           main] .s.d.r.c.RepositoryConfigurationDelegate : Finished Spring Data repository scanning in 18 ms. Found 4 JPA repository interfaces.
app-1  | 2026-07-04T09:53:04.927Z  INFO 1 --- [multifitaundh] [           main] o.s.boot.tomcat.TomcatWebServer          : Tomcat initialized with port 8080 (http)
app-1  | 2026-07-04T09:53:04.934Z  INFO 1 --- [multifitaundh] [           main] o.apache.catalina.core.StandardService   : Starting service [Tomcat]
app-1  | 2026-07-04T09:53:04.934Z  INFO 1 --- [multifitaundh] [           main] o.apache.catalina.core.StandardEngine    : Starting Servlet engine: [Apache Tomcat/11.0.22]
app-1  | 2026-07-04T09:53:04.947Z  INFO 1 --- [multifitaundh] [           main] b.w.c.s.WebApplicationContextInitializer : Root WebApplicationContext: initialization completed in 744 ms
app-1  | 2026-07-04T09:53:05.075Z  INFO 1 --- [multifitaundh] [           main] org.hibernate.orm.jpa                    : HHH008540: Processing PersistenceUnitInfo [name: default]
app-1  | 2026-07-04T09:53:05.099Z  INFO 1 --- [multifitaundh] [           main] org.hibernate.orm.core                   : HHH000001: Hibernate ORM core version 7.4.1.Final
app-1  | 2026-07-04T09:53:05.295Z  INFO 1 --- [multifitaundh] [           main] o.s.o.j.p.SpringPersistenceUnitInfo      : No LoadTimeWeaver setup: ignoring JPA class transformer
app-1  | 2026-07-04T09:53:05.308Z  INFO 1 --- [multifitaundh] [           main] com.zaxxer.hikari.HikariDataSource       : HikariPool-1 - Starting...
app-1  | 2026-07-04T09:53:05.398Z  INFO 1 --- [multifitaundh] [           main] com.zaxxer.hikari.pool.HikariPool        : HikariPool-1 - Added connection org.postgresql.jdbc.PgConnection@568ef502
app-1  | 2026-07-04T09:53:05.399Z  INFO 1 --- [multifitaundh] [           main] com.zaxxer.hikari.HikariDataSource       : HikariPool-1 - Start completed.
app-1  | 2026-07-04T09:53:05.423Z  WARN 1 --- [multifitaundh] [           main] org.hibernate.orm.deprecation            : HHH90000025: PostgreSQLDialect does not need to be specified explicitly using 'hibernate.dialect' (remove the property setting and it will be selected by default)
app-1  | 2026-07-04T09:53:05.432Z  INFO 1 --- [multifitaundh] [           main] org.hibernate.orm.connections.pooling    : HHH10001005: Database info:
app-1  | 	Database JDBC URL [jdbc:postgresql://db:5432/multifitaundh]
app-1  | 	Database driver: PostgreSQL JDBC Driver
app-1  | 	Database dialect: PostgreSQLDialect
app-1  | 	Database version: 16.14
app-1  | 	Default catalog/schema: multifitaundh/public
app-1  | 	Autocommit mode: undefined/unknown
app-1  | 	Isolation level: READ_COMMITTED [default READ_COMMITTED]
app-1  | 	JDBC fetch size: none
app-1  | 	Pool: DataSourceConnectionProvider
app-1  | 	Minimum pool size: undefined/unknown
app-1  | 	Maximum pool size: undefined/unknown
app-1  | 2026-07-04T09:53:05.894Z  INFO 1 --- [multifitaundh] [           main] org.hibernate.orm.core                   : HHH000489: No JTA platform available (set 'hibernate.transaction.jta.platform' to enable JTA platform integration)
app-1  | 2026-07-04T09:53:05.916Z  INFO 1 --- [multifitaundh] [           main] j.LocalContainerEntityManagerFactoryBean : Initialized JPA EntityManagerFactory for persistence unit 'default'
app-1  | 2026-07-04T09:53:05.942Z  INFO 1 --- [multifitaundh] [           main] o.s.d.j.r.query.QueryEnhancerFactories   : Hibernate is in classpath; If applicable, HQL parser will be used.
app-1  | 2026-07-04T09:53:06.056Z  WARN 1 --- [multifitaundh] [           main] ConfigServletWebServerApplicationContext : Exception encountered during context initialization - cancelling refresh attempt: org.springframework.beans.factory.UnsatisfiedDependencyException: Error creating bean with name 'adminLeadController' defined in URL [jar:nested:/app/app.jar/!BOOT-INF/classes/!/com/multifitaundh/controller/AdminLeadController.class]: Unsatisfied dependency expressed through constructor parameter 0: Error creating bean with name 'trialLeadService' defined in URL [jar:nested:/app/app.jar/!BOOT-INF/classes/!/com/multifitaundh/service/TrialLeadService.class]: Unsatisfied dependency expressed through constructor parameter 1: Error creating bean with name 'notificationService' defined in URL [jar:nested:/app/app.jar/!BOOT-INF/classes/!/com/multifitaundh/service/NotificationService.class]: Unsatisfied dependency expressed through constructor parameter 0: No qualifying bean of type 'org.springframework.mail.javamail.JavaMailSender' available: expected at least 1 bean which qualifies as autowire candidate. Dependency annotations: {}
app-1  | 2026-07-04T09:53:06.056Z  INFO 1 --- [multifitaundh] [           main] j.LocalContainerEntityManagerFactoryBean : Closing JPA EntityManagerFactory for persistence unit 'default'
app-1  | 2026-07-04T09:53:06.058Z  INFO 1 --- [multifitaundh] [           main] com.zaxxer.hikari.HikariDataSource       : HikariPool-1 - Shutdown initiated...
app-1  | 2026-07-04T09:53:06.062Z  INFO 1 --- [multifitaundh] [           main] com.zaxxer.hikari.HikariDataSource       : HikariPool-1 - Shutdown completed.
app-1  | 2026-07-04T09:53:06.063Z  INFO 1 --- [multifitaundh] [           main] o.apache.catalina.core.StandardService   : Stopping service [Tomcat]
app-1  | 2026-07-04T09:53:06.069Z  INFO 1 --- [multifitaundh] [           main] .s.b.a.l.ConditionEvaluationReportLogger : 
app-1  | 
app-1  | Error starting ApplicationContext. To display the condition evaluation report re-run your application with 'debug' enabled.
app-1  | 2026-07-04T09:53:06.078Z ERROR 1 --- [multifitaundh] [           main] o.s.b.d.LoggingFailureAnalysisReporter   : 
app-1  | 
app-1  | ***************************
app-1  | APPLICATION FAILED TO START
app-1  | ***************************
app-1  | 
app-1  | Description:
app-1  | 
app-1  | Parameter 0 of constructor in com.multifitaundh.service.NotificationService required a bean of type 'org.springframework.mail.javamail.JavaMailSender' that could not be found.
app-1  | 
app-1  | 
app-1  | Action:
app-1  | 
app-1  | Consider defining a bean of type 'org.springframework.mail.javamail.JavaMailSender' in your configuration.
app-1  | 
app-1  | 
app-1  |   .   ____          _            __ _ _
app-1  |  /\\ / ___'_ __ _ _(_)_ __  __ _ \ \ \ \
app-1  | ( ( )\___ | '_ | '_| | '_ \/ _` | \ \ \ \
app-1  |  \\/  ___)| |_)| | | | | || (_| |  ) ) ) )
app-1  |   '  |____| .__|_| |_|_| |_\__, | / / / /
app-1  |  =========|_|==============|___/=/_/_/_/
app-1  | 
app-1  |  :: Spring Boot ::                (v4.1.0)
app-1  | 
app-1  | 2026-07-04T09:53:19.494Z  INFO 1 --- [multifitaundh] [           main] c.m.MultifitaundhbackendApplication      : Starting MultifitaundhbackendApplication v0.0.1-SNAPSHOT using Java 17.0.19 with PID 1 (/app/app.jar started by app in /app)
app-1  | 2026-07-04T09:53:19.495Z  INFO 1 --- [multifitaundh] [           main] c.m.MultifitaundhbackendApplication      : No active profile set, falling back to 1 default profile: "default"
app-1  | 2026-07-04T09:53:19.912Z  INFO 1 --- [multifitaundh] [           main] .s.d.r.c.RepositoryConfigurationDelegate : Bootstrapping Spring Data JPA repositories in DEFAULT mode.
app-1  | 2026-07-04T09:53:19.935Z  INFO 1 --- [multifitaundh] [           main] .s.d.r.c.RepositoryConfigurationDelegate : Finished Spring Data repository scanning in 19 ms. Found 4 JPA repository interfaces.
app-1  | 2026-07-04T09:53:20.240Z  INFO 1 --- [multifitaundh] [           main] o.s.boot.tomcat.TomcatWebServer          : Tomcat initialized with port 8080 (http)
app-1  | 2026-07-04T09:53:20.251Z  INFO 1 --- [multifitaundh] [           main] o.apache.catalina.core.StandardService   : Starting service [Tomcat]
app-1  | 2026-07-04T09:53:20.252Z  INFO 1 --- [multifitaundh] [           main] o.apache.catalina.core.StandardEngine    : Starting Servlet engine: [Apache Tomcat/11.0.22]
app-1  | 2026-07-04T09:53:20.265Z  INFO 1 --- [multifitaundh] [           main] b.w.c.s.WebApplicationContextInitializer : Root WebApplicationContext: initialization completed in 751 ms
app-1  | 2026-07-04T09:53:20.381Z  INFO 1 --- [multifitaundh] [           main] org.hibernate.orm.jpa                    : HHH008540: Processing PersistenceUnitInfo [name: default]
app-1  | 2026-07-04T09:53:20.404Z  INFO 1 --- [multifitaundh] [           main] org.hibernate.orm.core                   : HHH000001: Hibernate ORM core version 7.4.1.Final
app-1  | 2026-07-04T09:53:20.584Z  INFO 1 --- [multifitaundh] [           main] o.s.o.j.p.SpringPersistenceUnitInfo      : No LoadTimeWeaver setup: ignoring JPA class transformer
app-1  | 2026-07-04T09:53:20.597Z  INFO 1 --- [multifitaundh] [           main] com.zaxxer.hikari.HikariDataSource       : HikariPool-1 - Starting...
app-1  | 2026-07-04T09:53:20.687Z  INFO 1 --- [multifitaundh] [           main] com.zaxxer.hikari.pool.HikariPool        : HikariPool-1 - Added connection org.postgresql.jdbc.PgConnection@5b715ea
app-1  | 2026-07-04T09:53:20.688Z  INFO 1 --- [multifitaundh] [           main] com.zaxxer.hikari.HikariDataSource       : HikariPool-1 - Start completed.
app-1  | 2026-07-04T09:53:20.702Z  WARN 1 --- [multifitaundh] [           main] org.hibernate.orm.deprecation            : HHH90000025: PostgreSQLDialect does not need to be specified explicitly using 'hibernate.dialect' (remove the property setting and it will be selected by default)
app-1  | 2026-07-04T09:53:20.711Z  INFO 1 --- [multifitaundh] [           main] org.hibernate.orm.connections.pooling    : HHH10001005: Database info:
app-1  | 	Database JDBC URL [jdbc:postgresql://db:5432/multifitaundh]
app-1  | 	Database driver: PostgreSQL JDBC Driver
app-1  | 	Database dialect: PostgreSQLDialect
app-1  | 	Database version: 16.14
app-1  | 	Default catalog/schema: multifitaundh/public
app-1  | 	Autocommit mode: undefined/unknown
app-1  | 	Isolation level: READ_COMMITTED [default READ_COMMITTED]
app-1  | 	JDBC fetch size: none
app-1  | 	Pool: DataSourceConnectionProvider
app-1  | 	Minimum pool size: undefined/unknown
app-1  | 	Maximum pool size: undefined/unknown
app-1  | 2026-07-04T09:53:21.215Z  INFO 1 --- [multifitaundh] [           main] org.hibernate.orm.core                   : HHH000489: No JTA platform available (set 'hibernate.transaction.jta.platform' to enable JTA platform integration)
app-1  | 2026-07-04T09:53:21.239Z  INFO 1 --- [multifitaundh] [           main] j.LocalContainerEntityManagerFactoryBean : Initialized JPA EntityManagerFactory for persistence unit 'default'
app-1  | 2026-07-04T09:53:21.268Z  INFO 1 --- [multifitaundh] [           main] o.s.d.j.r.query.QueryEnhancerFactories   : Hibernate is in classpath; If applicable, HQL parser will be used.
app-1  | 2026-07-04T09:53:21.392Z  WARN 1 --- [multifitaundh] [           main] ConfigServletWebServerApplicationContext : Exception encountered during context initialization - cancelling refresh attempt: org.springframework.beans.factory.UnsatisfiedDependencyException: Error creating bean with name 'adminLeadController' defined in URL [jar:nested:/app/app.jar/!BOOT-INF/classes/!/com/multifitaundh/controller/AdminLeadController.class]: Unsatisfied dependency expressed through constructor parameter 0: Error creating bean with name 'trialLeadService' defined in URL [jar:nested:/app/app.jar/!BOOT-INF/classes/!/com/multifitaundh/service/TrialLeadService.class]: Unsatisfied dependency expressed through constructor parameter 1: Error creating bean with name 'notificationService' defined in URL [jar:nested:/app/app.jar/!BOOT-INF/classes/!/com/multifitaundh/service/NotificationService.class]: Unsatisfied dependency expressed through constructor parameter 0: No qualifying bean of type 'org.springframework.mail.javamail.JavaMailSender' available: expected at least 1 bean which qualifies as autowire candidate. Dependency annotations: {}
app-1  | 2026-07-04T09:53:21.392Z  INFO 1 --- [multifitaundh] [           main] j.LocalContainerEntityManagerFactoryBean : Closing JPA EntityManagerFactory for persistence unit 'default'
app-1  | 2026-07-04T09:53:21.394Z  INFO 1 --- [multifitaundh] [           main] com.zaxxer.hikari.HikariDataSource       : HikariPool-1 - Shutdown initiated...
app-1  | 2026-07-04T09:53:21.398Z  INFO 1 --- [multifitaundh] [           main] com.zaxxer.hikari.HikariDataSource       : HikariPool-1 - Shutdown completed.
app-1  | 2026-07-04T09:53:21.399Z  INFO 1 --- [multifitaundh] [           main] o.apache.catalina.core.StandardService   : Stopping service [Tomcat]
app-1  | 2026-07-04T09:53:21.405Z  INFO 1 --- [multifitaundh] [           main] .s.b.a.l.ConditionEvaluationReportLogger : 
app-1  | 
app-1  | Error starting ApplicationContext. To display the condition evaluation report re-run your application with 'debug' enabled.
app-1  | 2026-07-04T09:53:21.414Z ERROR 1 --- [multifitaundh] [           main] o.s.b.d.LoggingFailureAnalysisReporter   : 
app-1  | 
app-1  | ***************************
app-1  | APPLICATION FAILED TO START
app-1  | ***************************
app-1  | 
app-1  | Description:
app-1  | 
app-1  | Parameter 0 of constructor in com.multifitaundh.service.NotificationService required a bean of type 'org.springframework.mail.javamail.JavaMailSender' that could not be found.
app-1  | 
app-1  | 
app-1  | Action:
app-1  | 
app-1  | Consider defining a bean of type 'org.springframework.mail.javamail.JavaMailSender' in your configuration.
app-1  | 
app-1  | 
app-1  |   .   ____          _            __ _ _
app-1  |  /\\ / ___'_ __ _ _(_)_ __  __ _ \ \ \ \
app-1  | ( ( )\___ | '_ | '_| | '_ \/ _` | \ \ \ \
app-1  |  \\/  ___)| |_)| | | | | || (_| |  ) ) ) )
app-1  |   '  |____| .__|_| |_|_| |_\__, | / / / /
app-1  |  =========|_|==============|___/=/_/_/_/
app-1  | 
app-1  |  :: Spring Boot ::                (v4.1.0)
app-1  | 
app-1  | 2026-07-04T09:53:47.677Z  INFO 1 --- [multifitaundh] [           main] c.m.MultifitaundhbackendApplication      : Starting MultifitaundhbackendApplication v0.0.1-SNAPSHOT using Java 17.0.19 with PID 1 (/app/app.jar started by app in /app)
app-1  | 2026-07-04T09:53:47.682Z  INFO 1 --- [multifitaundh] [           main] c.m.MultifitaundhbackendApplication      : No active profile set, falling back to 1 default profile: "default"
app-1  | 2026-07-04T09:53:48.234Z  INFO 1 --- [multifitaundh] [           main] .s.d.r.c.RepositoryConfigurationDelegate : Bootstrapping Spring Data JPA repositories in DEFAULT mode.
app-1  | 2026-07-04T09:53:48.256Z  INFO 1 --- [multifitaundh] [           main] .s.d.r.c.RepositoryConfigurationDelegate : Finished Spring Data repository scanning in 18 ms. Found 4 JPA repository interfaces.
app-1  | 2026-07-04T09:53:48.566Z  INFO 1 --- [multifitaundh] [           main] o.s.boot.tomcat.TomcatWebServer          : Tomcat initialized with port 8080 (http)
app-1  | 2026-07-04T09:53:48.571Z  INFO 1 --- [multifitaundh] [           main] o.apache.catalina.core.StandardService   : Starting service [Tomcat]
app-1  | 2026-07-04T09:53:48.572Z  INFO 1 --- [multifitaundh] [           main] o.apache.catalina.core.StandardEngine    : Starting Servlet engine: [Apache Tomcat/11.0.22]
app-1  | 2026-07-04T09:53:48.585Z  INFO 1 --- [multifitaundh] [           main] b.w.c.s.WebApplicationContextInitializer : Root WebApplicationContext: initialization completed in 867 ms
app-1  | 2026-07-04T09:53:48.707Z  INFO 1 --- [multifitaundh] [           main] org.hibernate.orm.jpa                    : HHH008540: Processing PersistenceUnitInfo [name: default]
app-1  | 2026-07-04T09:53:48.732Z  INFO 1 --- [multifitaundh] [           main] org.hibernate.orm.core                   : HHH000001: Hibernate ORM core version 7.4.1.Final
app-1  | 2026-07-04T09:53:48.921Z  INFO 1 --- [multifitaundh] [           main] o.s.o.j.p.SpringPersistenceUnitInfo      : No LoadTimeWeaver setup: ignoring JPA class transformer
app-1  | 2026-07-04T09:53:48.933Z  INFO 1 --- [multifitaundh] [           main] com.zaxxer.hikari.HikariDataSource       : HikariPool-1 - Starting...
app-1  | 2026-07-04T09:53:49.020Z  INFO 1 --- [multifitaundh] [           main] com.zaxxer.hikari.pool.HikariPool        : HikariPool-1 - Added connection org.postgresql.jdbc.PgConnection@568ef502
app-1  | 2026-07-04T09:53:49.021Z  INFO 1 --- [multifitaundh] [           main] com.zaxxer.hikari.HikariDataSource       : HikariPool-1 - Start completed.
app-1  | 2026-07-04T09:53:49.035Z  WARN 1 --- [multifitaundh] [           main] org.hibernate.orm.deprecation            : HHH90000025: PostgreSQLDialect does not need to be specified explicitly using 'hibernate.dialect' (remove the property setting and it will be selected by default)
app-1  | 2026-07-04T09:53:49.047Z  INFO 1 --- [multifitaundh] [           main] org.hibernate.orm.connections.pooling    : HHH10001005: Database info:
app-1  | 	Database JDBC URL [jdbc:postgresql://db:5432/multifitaundh]
app-1  | 	Database driver: PostgreSQL JDBC Driver
app-1  | 	Database dialect: PostgreSQLDialect
app-1  | 	Database version: 16.14
app-1  | 	Default catalog/schema: multifitaundh/public
app-1  | 	Autocommit mode: undefined/unknown
app-1  | 	Isolation level: READ_COMMITTED [default READ_COMMITTED]
app-1  | 	JDBC fetch size: none
app-1  | 	Pool: DataSourceConnectionProvider
app-1  | 	Minimum pool size: undefined/unknown
app-1  | 	Maximum pool size: undefined/unknown
app-1  | 2026-07-04T09:53:49.507Z  INFO 1 --- [multifitaundh] [           main] org.hibernate.orm.core                   : HHH000489: No JTA platform available (set 'hibernate.transaction.jta.platform' to enable JTA platform integration)
app-1  | 2026-07-04T09:53:49.530Z  INFO 1 --- [multifitaundh] [           main] j.LocalContainerEntityManagerFactoryBean : Initialized JPA EntityManagerFactory for persistence unit 'default'
app-1  | 2026-07-04T09:53:49.554Z  INFO 1 --- [multifitaundh] [           main] o.s.d.j.r.query.QueryEnhancerFactories   : Hibernate is in classpath; If applicable, HQL parser will be used.
app-1  | 2026-07-04T09:53:49.679Z  WARN 1 --- [multifitaundh] [           main] ConfigServletWebServerApplicationContext : Exception encountered during context initialization - cancelling refresh attempt: org.springframework.beans.factory.UnsatisfiedDependencyException: Error creating bean with name 'adminLeadController' defined in URL [jar:nested:/app/app.jar/!BOOT-INF/classes/!/com/multifitaundh/controller/AdminLeadController.class]: Unsatisfied dependency expressed through constructor parameter 0: Error creating bean with name 'trialLeadService' defined in URL [jar:nested:/app/app.jar/!BOOT-INF/classes/!/com/multifitaundh/service/TrialLeadService.class]: Unsatisfied dependency expressed through constructor parameter 1: Error creating bean with name 'notificationService' defined in URL [jar:nested:/app/app.jar/!BOOT-INF/classes/!/com/multifitaundh/service/NotificationService.class]: Unsatisfied dependency expressed through constructor parameter 0: No qualifying bean of type 'org.springframework.mail.javamail.JavaMailSender' available: expected at least 1 bean which qualifies as autowire candidate. Dependency annotations: {}
app-1  | 2026-07-04T09:53:49.679Z  INFO 1 --- [multifitaundh] [           main] j.LocalContainerEntityManagerFactoryBean : Closing JPA EntityManagerFactory for persistence unit 'default'
app-1  | 2026-07-04T09:53:49.681Z  INFO 1 --- [multifitaundh] [           main] com.zaxxer.hikari.HikariDataSource       : HikariPool-1 - Shutdown initiated...
app-1  | 2026-07-04T09:53:49.685Z  INFO 1 --- [multifitaundh] [           main] com.zaxxer.hikari.HikariDataSource       : HikariPool-1 - Shutdown completed.
app-1  | 2026-07-04T09:53:49.687Z  INFO 1 --- [multifitaundh] [           main] o.apache.catalina.core.StandardService   : Stopping service [Tomcat]
app-1  | 2026-07-04T09:53:49.694Z  INFO 1 --- [multifitaundh] [           main] .s.b.a.l.ConditionEvaluationReportLogger : 
app-1  | 
app-1  | Error starting ApplicationContext. To display the condition evaluation report re-run your application with 'debug' enabled.
app-1  | 2026-07-04T09:53:49.703Z ERROR 1 --- [multifitaundh] [           main] o.s.b.d.LoggingFailureAnalysisReporter   : 
app-1  | 
app-1  | ***************************
app-1  | APPLICATION FAILED TO START
app-1  | ***************************
app-1  | 
app-1  | Description:
app-1  | 
app-1  | Parameter 0 of constructor in com.multifitaundh.service.NotificationService required a bean of type 'org.springframework.mail.javamail.JavaMailSender' that could not be found.
app-1  | 
app-1  | 
app-1  | Action:
app-1  | 
app-1  | Consider defining a bean of type 'org.springframework.mail.javamail.JavaMailSender' in your configuration.
app-1  | 

